apiVersion: v1
data: {}
kind: Secret
metadata:
  annotations: {}
  labels:
    name: controlclustercredentials
  name: controlclustercredentials
  namespace: syn-appcat
stringData:
  config: |
    apiVersion: v1
    clusters:
      - cluster:
          certificate-authority-data: LS0tLS1CRUdJTiBDRVJUSUZJQ0FURS0tLS0tCk1JSURCVENDQWUyZ0F3SUJBZ0lJYkNDK1lXMEdUcDR3RFFZSktvWklodmNOQVFFTEJRQXdGVEVUTUJFR0ExVUUKQXhNS2EzVmlaWEp1WlhSbGN6QWVGdzB5TlRBek1qZ3hNVE01TXpCYUZ3MHpOVEF6TWpZeE1UTTVNekJhTUJVeApFekFSQmdOVkJBTVRDbXQxWW1WeWJtVjBaWE13Z2dFaU1BMEdDU3FHU0liM0RRRUJBUVVBQTRJQkR3QXdnZ0VLCkFvSUJBUURCN0FmME5UWW9UM2tJN3dDcEQxLytJL1JsQXdSR2s1TXNtdzJmTWJvZ0hGb3hYb0hhMGtlbFo0TXQKYW1sazl0aUhobWI1U1VjaHdLa2xxVDJGVFdOcE5ZeUhHMVQyNUNmeEZGZ3lyYmhxZGtGVVVDRUNubzduUndzTgpIZUtYWmlUVUExM2lVbXkzbTZ3L3BDSmw2dlM0U3d2ZkNTbWNmSnl4b3ljMDlreHlHS0xNOFV3UTA3enRldWovCld3WDJRMDNYamcvODNNWStuYTBtYWVIMTNsc3U1Q0xQOCtEUjk0ZGU4aEkwaGMrdEJSUGJqZWp5VDBkWjIzVjcKUWtiRE9wU1BvR0FuTVlPa0xGbkVoYjdyMVBUUEdUVGRBTWUxRkJKVkMwdGdSS0VVSVBnbjZIRndsQ3Q3aXVyNgo0Y0JMOGJzRW5Cc2RlN3hZZ0VLajBuTXhFR2pwQWdNQkFBR2pXVEJYTUE0R0ExVWREd0VCL3dRRUF3SUNwREFQCkJnTlZIUk1CQWY4RUJUQURBUUgvTUIwR0ExVWREZ1FXQkJTUzNORmVkSVhnN3RmSzhjdHpEWGdTckZhUjBqQVYKQmdOVkhSRUVEakFNZ2dwcmRXSmxjbTVsZEdWek1BMEdDU3FHU0liM0RRRUJDd1VBQTRJQkFRQ1NJQS8rQUdrOAp5bVpubHE0MjAwUDlacGNiaGwrNS9IaHZZMmRrUzAvMGdUZjhWUjhWY05saytQeFlqditiYlZZRnUwN0M4am1ICmwwUC94Q1BzY2ozTjhOSG1JeERManE5VGFiMTUvcUducG9YckJOaXhzSnpUQVRoVTRpYnYva2JYUXZvMTI2VkMKWEJtWWRrSGg3b2ZwblZkamhoOVBLYzVHRGpGV05rQkd5d2pWYmFFUGdlczZnTi9tV2VIckFuOXAzaUdpS1pPbwpDcHgxenFFNFJBbEhGOUhoQW1CSkdnaXN1MVdiYjVkeGJkWU1wQ0g5OFZZdi9PNHZJZVJtM1daK0dHd2RvZlpZCkFZOVRGNGJDMVhqWkV4aEkzenc2Z3AyVmRWSEVSM2E2YlpvSzd6MDVVbSt4RkZsbXRYTFBCc1Q5UkFjdU9tT04KdDV6b1Nva00rV2k0Ci0tLS0tRU5EIENFUlRJRklDQVRFLS0tLS0K
          server: https://controlplane.vcluster
        name: vcluster_controlplane_vcluster_kind-kindev
    contexts:
      - context:
          cluster: vcluster_controlplane_vcluster_kind-kindev
          namespace: syn-appcat
          user: appcat-service-cluster
        name: vcluster_controlplane_vcluster_kind-kindev
    current-context: vcluster_controlplane_vcluster_kind-kindev
    kind: Config
    preferences: {}
    users:
      - name: appcat-service-cluster
        user:
          token: eyJhbGciOiJSUzI1NiIsImtpZCI6IkhfbFNocXE0TWc2aGE5NlpYbndVQk94cVA4OGFpZ0NjbjhmVHhDTl80djgifQ.eyJpc3MiOiJrdWJlcm5ldGVzL3NlcnZpY2VhY2NvdW50Iiwia3ViZXJuZXRlcy5pby9zZXJ2aWNlYWNjb3VudC9uYW1lc3BhY2UiOiJzeW4tYXBwY2F0Iiwia3ViZXJuZXRlcy5pby9zZXJ2aWNlYWNjb3VudC9zZWNyZXQubmFtZSI6ImFwcGNhdC1zZXJ2aWNlLWNsdXN0ZXIiLCJrdWJlcm5ldGVzLmlvL3NlcnZpY2VhY2NvdW50L3NlcnZpY2UtYWNjb3VudC5uYW1lIjoiYXBwY2F0LXNlcnZpY2UtY2x1c3RlciIsImt1YmVybmV0ZXMuaW8vc2VydmljZWFjY291bnQvc2VydmljZS1hY2NvdW50LnVpZCI6IjNjMDI4Y2RmLWE3MTEtNDNhMS05YTk4LTRhMDcyZjc4MGI5NCIsInN1YiI6InN5c3RlbTpzZXJ2aWNlYWNjb3VudDpzeW4tYXBwY2F0OmFwcGNhdC1zZXJ2aWNlLWNsdXN0ZXIifQ.Bncc9XPrhDWfoZAwl9JrCNpBEARbCDj_oveZ1xyVMiee20fIL7Am8UYNRoRwybZTTuyhjaGACFsj8rQfM71xRFC3X1Ekg2LZ6Ok3nqva5Evx7pReUai3sJTPAmVIJtfMfqlzCsBN7cExIVHy5Sj2hC-eIoI2tMwCZeF9JMTIbr-cK1IHZTux4NvbD5DhM0Gk_2-sGEyFmJNqZ3HG8fVZU0QQzbw_gRd-yaiE2VZLORkIMxaSA94CAdWfnvwdWK6FZ_IOrBK45JCBPeIYrvujYd57m4MCRtIz25u1yW9VTFiGmVLPBou8mcMwtpCKte5mlJ-RCJKIfN0UeQmhbKHD_w
type: Opaque
