apiVersion: apiextensions.crossplane.io/v1
kind: Composition
metadata:
  annotations:
    argocd.argoproj.io/sync-options: SkipDryRunOnMissingResource=true
    argocd.argoproj.io/sync-wave: '10'
  labels:
    name: test-common-resources
  name: test-common-resources
spec:
  patchSets:
    - name: annotations
      patches:
        - fromFieldPath: metadata.annotations
          toFieldPath: metadata.annotations
          type: FromCompositeFieldPath
    - name: labels
      patches:
        - fromFieldPath: metadata.labels
          toFieldPath: metadata.labels
          type: FromCompositeFieldPath
  resources:
    - base:
        apiVersion: kubernetes.crossplane.io/v1alpha1
        kind: Object
        spec:
          forProvider:
            manifest:
              apiVersion: v1
              kind: Namespace
              metadata:
                name: ''
          managementPolicy: Observe
          providerConfigRef:
            name: kubernetes
      patches:
        - fromFieldPath: metadata.labels[crossplane.io/claim-namespace]
          toFieldPath: spec.forProvider.manifest.metadata.name
          type: FromCompositeFieldPath
        - fromFieldPath: status.atProvider.manifest.metadata.labels[appuio.io/organization]
          toFieldPath: metadata.labels[appuio.io/organization]
          type: ToCompositeFieldPath
        - fromFieldPath: metadata.labels[crossplane.io/composite]
          toFieldPath: metadata.name
          transforms:
            - string:
                fmt: '%s-ns-observer'
                type: Format
              type: string
          type: FromCompositeFieldPath
---
apiVersion: apiextensions.crossplane.io/v1
kind: Composition
metadata:
  annotations:
    argocd.argoproj.io/sync-options: SkipDryRunOnMissingResource=true
    argocd.argoproj.io/sync-wave: '10'
  labels:
    name: test-no-common-resources
  name: test-no-common-resources
spec:
  patchSets: []
  resources: []
