apiVersion: rbac.authorization.k8s.io/v1
kind: ClusterRoleBinding
metadata:
  annotations: {}
  labels:
    name: appcat-apiserver
  name: appcat-apiserver
roleRef:
  apiGroup: rbac.authorization.k8s.io
  kind: ClusterRole
  name: appcat-apiserver
subjects:
  - kind: ServiceAccount
    name: appcat-apiserver
    namespace: syn-appcat
