apiVersion: pkg.crossplane.io/v1beta1
kind: Function
metadata:
  name: function-appcat
spec:
  package: ghcr.io/vshn/appcat:keycloak_mariadb_alerting-func
  runtimeConfigRef:
    name: function-appcat
