apiVersion: rbac.authorization.k8s.io/v1
kind: ClusterRole
metadata:
  annotations: {}
  labels:
    rbac.authorization.k8s.io/aggregate-to-view: 'true'
  name: appcat:composite:xvshnpostgresqls.appcat.vshn.io:claim-view
rules:
  - apiGroups:
      - appcat.vshn.io
    resources:
      - vshnpostgresqls
      - vshnpostgresqls/status
      - vshnpostgresqls/finalizers
    verbs:
      - get
      - list
      - watch
---
apiVersion: rbac.authorization.k8s.io/v1
kind: ClusterRole
metadata:
  annotations: {}
  labels:
    rbac.authorization.k8s.io/aggregate-to-admin: 'true'
    rbac.authorization.k8s.io/aggregate-to-edit: 'true'
  name: appcat:composite:xvshnpostgresqls.appcat.vshn.io:claim-edit
rules:
  - apiGroups:
      - appcat.vshn.io
    resources:
      - vshnpostgresqls
      - vshnpostgresqls/status
      - vshnpostgresqls/finalizers
    verbs:
      - '*'
---
apiVersion: rbac.authorization.k8s.io/v1
kind: ClusterRole
metadata:
  annotations: {}
  labels:
    rbac.authorization.k8s.io/aggregate-to-admin: 'true'
    rbac.authorization.k8s.io/aggregate-to-edit: 'true'
    rbac.authorization.k8s.io/aggregate-to-view: 'true'
  name: appcat:browse
rules:
  - apiGroups:
      - apiextensions.crossplane.io
    resources:
      - compositions
      - compositionrevisions
      - compositeresourcedefinitions
    verbs:
      - get
      - list
      - watch
