apiVersion: pkg.crossplane.io/v1beta1
kind: Function
metadata:
  annotations:
    argocd.argoproj.io/sync-options: SkipDryRunOnMissingResource=true
    argocd.argoproj.io/sync-wave: '-40'
  name: function-appcat-master-v4-166-2
spec:
  package: ghcr.io/vshn/appcat:v4.166.2-func
  packagePullPolicy: IfNotPresent
  runtimeConfigRef:
    name: function-appcat
  skipDependencyResolution: true
---
apiVersion: pkg.crossplane.io/v1beta1
kind: Function
metadata:
  annotations:
    argocd.argoproj.io/sync-options: SkipDryRunOnMissingResource=true
    argocd.argoproj.io/sync-wave: '-40'
  name: function-appcat-v3-51-1-v4-165-1
spec:
  package: ghcr.io/vshn/appcat:v4.165.1-func
  packagePullPolicy: IfNotPresent
  runtimeConfigRef:
    name: function-appcat
  skipDependencyResolution: true
---
apiVersion: pkg.crossplane.io/v1beta1
kind: Function
metadata:
  annotations:
    argocd.argoproj.io/sync-options: SkipDryRunOnMissingResource=true
    argocd.argoproj.io/sync-wave: '-40'
  name: function-appcat-v3-52-0-v4-166-0
spec:
  package: ghcr.io/vshn/appcat:v4.166.0-func
  packagePullPolicy: IfNotPresent
  runtimeConfigRef:
    name: function-appcat
  skipDependencyResolution: true
---
apiVersion: pkg.crossplane.io/v1beta1
kind: Function
metadata:
  annotations:
    argocd.argoproj.io/sync-options: SkipDryRunOnMissingResource=true
    argocd.argoproj.io/sync-wave: '-40'
  name: function-appcat-v3-52-1-v4-166-0
spec:
  package: ghcr.io/vshn/appcat:v4.166.0-func
  packagePullPolicy: IfNotPresent
  runtimeConfigRef:
    name: function-appcat
  skipDependencyResolution: true
---
apiVersion: pkg.crossplane.io/v1beta1
kind: Function
metadata:
  annotations:
    argocd.argoproj.io/sync-options: SkipDryRunOnMissingResource=true
    argocd.argoproj.io/sync-wave: '-40'
  name: function-appcat-v3-52-2-v4-166-0
spec:
  package: ghcr.io/vshn/appcat:v4.166.0-func
  packagePullPolicy: IfNotPresent
  runtimeConfigRef:
    name: function-appcat
  skipDependencyResolution: true
---
apiVersion: pkg.crossplane.io/v1beta1
kind: Function
metadata:
  annotations:
    argocd.argoproj.io/sync-options: SkipDryRunOnMissingResource=true
    argocd.argoproj.io/sync-wave: '-40'
  name: function-appcat-v3-52-3-v4-166-1
spec:
  package: ghcr.io/vshn/appcat:v4.166.1-func
  packagePullPolicy: IfNotPresent
  runtimeConfigRef:
    name: function-appcat
  skipDependencyResolution: true
