apiVersion: v1
data: {}
kind: Secret
metadata:
  annotations:
    kubernetes.io/service-account.name: servala-portal
  labels:
    name: appcat-control-plane
  name: appcat-control-plane
  namespace: syn-appcat
type: kubernetes.io/service-account-token
