apiVersion: apiextensions.crossplane.io/v1
kind: Composition
metadata:
  annotations:
    argocd.argoproj.io/sync-options: SkipDryRunOnMissingResource=true
    argocd.argoproj.io/sync-wave: '-60'
    metadata.appcat.vshn.io/description: Redis DBaaS instances by Exoscale
    metadata.appcat.vshn.io/displayname: Exoscale Redis
    metadata.appcat.vshn.io/end-user-docs-url: https://vs.hn/exo-redis
    metadata.appcat.vshn.io/plans: |
      {"business-1":{"note":"redis business-1","size":{"cpu":"2","disk":"0","memory":"1Gi"}},"business-128":{"note":"redis business-128","size":{"cpu":"16","disk":"0","memory":"128Gi"}},"business-16":{"note":"redis business-16","size":{"cpu":"4","disk":"0","memory":"16Gi"}},"business-225":{"note":"redis business-225","size":{"cpu":"24","disk":"0","memory":"225Gi"}},"business-32":{"note":"redis business-32","size":{"cpu":"8","disk":"0","memory":"32Gi"}},"business-4":{"note":"redis business-4","size":{"cpu":"2","disk":"0","memory":"4Gi"}},"business-64":{"note":"redis business-64","size":{"cpu":"12","disk":"0","memory":"64Gi"}},"business-8":{"note":"redis business-8","size":{"cpu":"4","disk":"0","memory":"8Gi"}},"hobbyist-2":{"note":"redis hobbyist-2","size":{"cpu":"2","disk":"0","memory":"1Gi"}},"premium-128":{"note":"redis premium-128","size":{"cpu":"16","disk":"0","memory":"128Gi"}},"premium-16":{"note":"redis premium-16","size":{"cpu":"4","disk":"0","memory":"16Gi"}},"premium-225":{"note":"redis premium-225","size":{"cpu":"24","disk":"0","memory":"225Gi"}},"premium-32":{"note":"redis premium-32","size":{"cpu":"8","disk":"0","memory":"32Gi"}},"premium-4":{"note":"redis premium-4","size":{"cpu":"2","disk":"0","memory":"4Gi"}},"premium-64":{"note":"redis premium-64","size":{"cpu":"12","disk":"0","memory":"64Gi"}},"premium-8":{"note":"redis premium-8","size":{"cpu":"4","disk":"0","memory":"8Gi"}},"startup-128":{"note":"redis startup-128","size":{"cpu":"16","disk":"0","memory":"128Gi"}},"startup-16":{"note":"redis startup-16","size":{"cpu":"4","disk":"0","memory":"16Gi"}},"startup-225":{"note":"redis startup-225","size":{"cpu":"24","disk":"0","memory":"225Gi"}},"startup-32":{"note":"redis startup-32","size":{"cpu":"8","disk":"0","memory":"32Gi"}},"startup-4":{"note":"redis startup-4","size":{"cpu":"2","disk":"0","memory":"4Gi"}},"startup-64":{"note":"redis startup-64","size":{"cpu":"12","disk":"0","memory":"64Gi"}},"startup-8":{"note":"redis startup-8","size":{"cpu":"4","disk":"0","memory":"8Gi"}}}
    metadata.appcat.vshn.io/product-description: https://products.docs.vshn.ch/products/appcat/exoscale_dbaas.html
    metadata.appcat.vshn.io/zone: ch-gva-2, ch-dk-2, de-fra-1, de-muc-1, at-vie-1,
      at-vie-2, bg-sof-1
  labels:
    metadata.appcat.vshn.io/offered: 'true'
    metadata.appcat.vshn.io/serviceID: exoscale-redis
    name: exoscaleredis.exoscale.appcat.vshn.io
  name: exoscaleredis.exoscale.appcat.vshn.io
spec:
  compositeTypeRef:
    apiVersion: exoscale.appcat.vshn.io/v1
    kind: XExoscaleRedis
  resources:
    - base:
        apiVersion: exoscale.crossplane.io/v1
        kind: Redis
        metadata: {}
        spec:
          forProvider:
            ipFilter: ''
            maintenance:
              dayOfWeek: ''
              timeOfDay: ''
            redisSettings: {}
            size:
              plan: ''
            terminationProtection: false
            zone: ''
          providerConfigRef:
            name: exoscale
          writeConnectionSecretToRef:
            name: ''
            namespace: syn-provider-exoscale-secrets
      connectionDetails:
        - fromConnectionSecretKey: REDIS_HOST
          name: REDIS_HOST
          type: FromConnectionSecretKey
        - fromConnectionSecretKey: REDIS_PORT
          name: REDIS_PORT
          type: FromConnectionSecretKey
        - fromConnectionSecretKey: REDIS_USERNAME
          name: REDIS_USERNAME
          type: FromConnectionSecretKey
        - fromConnectionSecretKey: REDIS_PASSWORD
          name: REDIS_PASSWORD
          type: FromConnectionSecretKey
        - fromConnectionSecretKey: REDIS_URL
          name: REDIS_URL
          type: FromConnectionSecretKey
      patches:
        - fromFieldPath: metadata.labels[crossplane.io/composite]
          toFieldPath: metadata.name
          type: FromCompositeFieldPath
        - fromFieldPath: metadata.labels[crossplane.io/composite]
          toFieldPath: spec.writeConnectionSecretToRef.name
          type: FromCompositeFieldPath
        - fromFieldPath: spec.parameters.service.redisSettings
          toFieldPath: spec.forProvider.redisSettings
          type: FromCompositeFieldPath
        - fromFieldPath: spec.parameters.service.zone
          toFieldPath: spec.forProvider.zone
          type: FromCompositeFieldPath
        - fromFieldPath: spec.parameters.network.ipFilter
          toFieldPath: spec.forProvider.ipFilter
          type: FromCompositeFieldPath
        - fromFieldPath: spec.parameters.size.plan
          toFieldPath: spec.forProvider.size.plan
          type: FromCompositeFieldPath
        - fromFieldPath: spec.parameters.maintenance.dayOfWeek
          toFieldPath: spec.forProvider.maintenance.dayOfWeek
          type: FromCompositeFieldPath
        - fromFieldPath: spec.parameters.maintenance.timeOfDay
          toFieldPath: spec.forProvider.maintenance.timeOfDay
          type: FromCompositeFieldPath
        - fromFieldPath: spec.parameters.service.zone
          toFieldPath: metadata.annotations[appcat.vshn.io/cloudzone]
          type: FromCompositeFieldPath
      readinessChecks:
        - matchCondition:
            status: 'True'
            type: Ready
          type: MatchCondition
        - matchCondition:
            status: 'True'
            type: Ready
          type: MatchCondition
  writeConnectionSecretsToNamespace: syn-crossplane
