apiVersion: apiextensions.crossplane.io/v1
kind: Composition
metadata:
  annotations:
    argocd.argoproj.io/sync-options: SkipDryRunOnMissingResource=true
    argocd.argoproj.io/sync-wave: '-60'
    metadata.appcat.vshn.io/description: MySQL DBaaS instances by Exoscale
    metadata.appcat.vshn.io/displayname: Exoscale MySQL
    metadata.appcat.vshn.io/end-user-docs-url: https://vs.hn/exo-mysql
    metadata.appcat.vshn.io/plans: |
      {"business-128":{"note":"mysql business-128","size":{"cpu":"16","disk":"1000Gi","memory":"128Gi"}},"business-16":{"note":"mysql business-16","size":{"cpu":"4","disk":"350Gi","memory":"16Gi"}},"business-225":{"note":"mysql business-225","size":{"cpu":"24","disk":"1300Gi","memory":"225Gi"}},"business-32":{"note":"mysql business-32","size":{"cpu":"8","disk":"500Gi","memory":"32Gi"}},"business-4":{"note":"mysql business-4","size":{"cpu":"2","disk":"80Gi","memory":"4Gi"}},"business-64":{"note":"mysql business-64","size":{"cpu":"12","disk":"750Gi","memory":"64Gi"}},"business-8":{"note":"mysql business-8","size":{"cpu":"4","disk":"175Gi","memory":"8Gi"}},"hobbyist-2":{"note":"mysql hobbyist-2","size":{"cpu":"2","disk":"8Gi","memory":"2Gi"}},"premium-128":{"note":"mysql premium-128","size":{"cpu":"16","disk":"1000Gi","memory":"128Gi"}},"premium-16":{"note":"mysql premium-16","size":{"cpu":"4","disk":"350Gi","memory":"16Gi"}},"premium-225":{"note":"mysql premium-225","size":{"cpu":"24","disk":"1300Gi","memory":"225Gi"}},"premium-32":{"note":"mysql premium-32","size":{"cpu":"8","disk":"500Gi","memory":"32Gi"}},"premium-4":{"note":"mysql premium-4","size":{"cpu":"2","disk":"80Gi","memory":"4Gi"}},"premium-64":{"note":"mysql premium-64","size":{"cpu":"12","disk":"750Gi","memory":"64Gi"}},"premium-8":{"note":"mysql premium-8","size":{"cpu":"4","disk":"175Gi","memory":"8Gi"}},"startup-128":{"note":"mysql startup-128","size":{"cpu":"16","disk":"1000Gi","memory":"128Gi"}},"startup-16":{"note":"mysql startup-16","size":{"cpu":"4","disk":"350Gi","memory":"16Gi"}},"startup-225":{"note":"mysql startup-225","size":{"cpu":"24","disk":"1300Gi","memory":"225Gi"}},"startup-32":{"note":"mysql startup-32","size":{"cpu":"8","disk":"500Gi","memory":"32Gi"}},"startup-4":{"note":"mysql startup-4","size":{"cpu":"2","disk":"80Gi","memory":"4Gi"}},"startup-64":{"note":"mysql startup-64","size":{"cpu":"12","disk":"750Gi","memory":"64Gi"}},"startup-8":{"note":"mysql startup-8","size":{"cpu":"4","disk":"175Gi","memory":"8Gi"}}}
    metadata.appcat.vshn.io/product-description: https://products.docs.vshn.ch/products/appcat/exoscale_dbaas.html
    metadata.appcat.vshn.io/zone: ch-gva-2, ch-dk-2, de-fra-1, de-muc-1, at-vie-1,
      at-vie-2, bg-sof-1
  labels:
    metadata.appcat.vshn.io/offered: 'true'
    metadata.appcat.vshn.io/serviceID: exoscale-mysql
    name: exoscalemysql.exoscale.appcat.vshn.io
  name: exoscalemysql.exoscale.appcat.vshn.io
spec:
  compositeTypeRef:
    apiVersion: exoscale.appcat.vshn.io/v1
    kind: XExoscaleMySQL
  resources:
    - base:
        apiVersion: exoscale.crossplane.io/v1
        kind: MySQL
        metadata: {}
        spec:
          forProvider:
            backup:
              timeOfDay: ''
            ipFilter: ''
            maintenance:
              dayOfWeek: ''
              timeOfDay: ''
            mysqlSettings: {}
            size:
              plan: ''
            terminationProtection: false
            version: ''
            zone: ''
          providerConfigRef:
            name: exoscale
          writeConnectionSecretToRef:
            name: ''
            namespace: syn-provider-exoscale-secrets
      connectionDetails:
        - fromConnectionSecretKey: MYSQL_URL
          name: MYSQL_URL
          type: FromConnectionSecretKey
        - fromConnectionSecretKey: MYSQL_DB
          name: MYSQL_DB
          type: FromConnectionSecretKey
        - fromConnectionSecretKey: MYSQL_HOST
          name: MYSQL_HOST
          type: FromConnectionSecretKey
        - fromConnectionSecretKey: MYSQL_PORT
          name: MYSQL_PORT
          type: FromConnectionSecretKey
        - fromConnectionSecretKey: MYSQL_USER
          name: MYSQL_USER
          type: FromConnectionSecretKey
        - fromConnectionSecretKey: MYSQL_PASSWORD
          name: MYSQL_PASSWORD
          type: FromConnectionSecretKey
        - fromConnectionSecretKey: ca.crt
          name: ca.crt
          type: FromConnectionSecretKey
      patches:
        - fromFieldPath: metadata.labels[crossplane.io/composite]
          toFieldPath: metadata.name
          type: FromCompositeFieldPath
        - fromFieldPath: metadata.labels[crossplane.io/composite]
          toFieldPath: spec.writeConnectionSecretToRef.name
          type: FromCompositeFieldPath
        - fromFieldPath: spec.parameters.service.majorVersion
          toFieldPath: spec.forProvider.version
          type: FromCompositeFieldPath
        - fromFieldPath: spec.parameters.service.mysqlSettings
          toFieldPath: spec.forProvider.mysqlSettings
          type: FromCompositeFieldPath
        - fromFieldPath: spec.parameters.service.zone
          toFieldPath: spec.forProvider.zone
          type: FromCompositeFieldPath
        - fromFieldPath: spec.parameters.network.ipFilter
          toFieldPath: spec.forProvider.ipFilter
          type: FromCompositeFieldPath
        - fromFieldPath: spec.parameters.size.plan
          toFieldPath: spec.forProvider.size.plan
          type: FromCompositeFieldPath
        - fromFieldPath: spec.parameters.maintenance.dayOfWeek
          toFieldPath: spec.forProvider.maintenance.dayOfWeek
          type: FromCompositeFieldPath
        - fromFieldPath: spec.parameters.maintenance.timeOfDay
          toFieldPath: spec.forProvider.maintenance.timeOfDay
          type: FromCompositeFieldPath
        - fromFieldPath: spec.parameters.backup.timeOfDay
          toFieldPath: spec.forProvider.backup.timeOfDay
          type: FromCompositeFieldPath
        - fromFieldPath: spec.parameters.service.zone
          toFieldPath: metadata.annotations[appcat.vshn.io/cloudzone]
          type: FromCompositeFieldPath
      readinessChecks:
        - matchCondition:
            status: 'True'
            type: Ready
          type: MatchCondition
        - matchCondition:
            status: 'True'
            type: Ready
          type: MatchCondition
  writeConnectionSecretsToNamespace: syn-crossplane
