apiVersion: template.openshift.io/v1
kind: Template
message: Your Redis by Exoscale instance is being provisioned, please see ${SECRET_NAME}
  for access.
metadata:
  annotations:
    description: The open source, in-memory data store used by millions of developers
      as a database, cache, streaming engine, and message broker.
    iconClass: icon-redis
    openshift.io/display-name: Redis
    openshift.io/documentation-url: https://vs.hn/exo-redis
    openshift.io/provider-display-name: Exoscale
    openshift.io/support-url: https://www.vshn.ch/en/contact/
    tags: database,nosql
  labels:
    name: redisbyexoscale
  name: redisbyexoscale
  namespace: openshift
objects:
  - apiVersion: exoscale.appcat.vshn.io/v1
    kind: ExoscaleRedis
    metadata:
      annotations: {}
      labels:
        name: ${INSTANCE_NAME}
      name: ${INSTANCE_NAME}
    spec:
      parameters:
        service:
          zone: ${ZONE}
        size:
          plan: ${PLAN}
      writeConnectionSecretToRef:
        name: ${SECRET_NAME}
parameters:
  - name: PLAN
    value: startup-4
  - name: SECRET_NAME
    value: redis-credentials
  - name: INSTANCE_NAME
  - name: ZONE
    value: ch-dk-2
