apiVersion: rbac.authorization.k8s.io/v1
kind: ClusterRole
metadata:
  annotations:
    argocd.argoproj.io/sync-wave: '-100'
  labels:
    rbac.crossplane.io/aggregate-to-crossplane: 'true'
  name: crossplane:appcat:finalizer
rules:
  - apiGroups:
      - appcat.vshn.io
      - vshn.appcat.vshn.io
      - exoscale.appcat.vshn.io
    resources:
      - '*/finalizers'
    verbs:
      - '*'
