apiVersion: pkg.crossplane.io/v1
kind: Provider
metadata:
  annotations:
    argocd.argoproj.io/sync-options: SkipDryRunOnMissingResource=true
    argocd.argoproj.io/sync-wave: '-80'
  labels:
    name: provider-cloudscale
  name: provider-cloudscale
spec:
  package: ghcr.io/vshn/provider-cloudscale:cruft_update
  runtimeConfigRef:
    name: provider-cloudscale
---
apiVersion: pkg.crossplane.io/v1beta1
kind: DeploymentRuntimeConfig
metadata:
  annotations:
    argocd.argoproj.io/sync-options: SkipDryRunOnMissingResource=true
    argocd.argoproj.io/sync-wave: '-90'
  name: provider-cloudscale
spec:
  deploymentTemplate:
    spec:
      selector: {}
      template:
        spec:
          containers:
            - name: package-runtime
              securityContext: {}
          securityContext: {}
          serviceAccountName: provider-cloudscale
---
apiVersion: cloudscale.crossplane.io/v1
kind: ProviderConfig
metadata:
  annotations:
    argocd.argoproj.io/sync-options: SkipDryRunOnMissingResource=true
    argocd.argoproj.io/sync-wave: '-50'
  labels:
    name: cloudscale
  name: cloudscale
spec:
  credentials:
    apiTokenSecretRef:
      name: cloudscale-api-token
      namespace: syn-crossplane
    source: InjectedIdentity
---
apiVersion: v1
kind: ServiceAccount
metadata:
  annotations:
    argocd.argoproj.io/sync-wave: '-100'
  labels:
    name: provider-cloudscale
  name: provider-cloudscale
  namespace: syn-crossplane
---
apiVersion: v1
kind: Service
metadata:
  labels:
    app.kubernetes.io/name: provider-cloudscale
    name: provider-cloudscale-metrics
  name: provider-cloudscale-metrics
  namespace: syn-crossplane
spec:
  ports:
    - name: metrics
      port: 8080
  selector:
    pkg.crossplane.io/provider: provider-cloudscale
  type: ClusterIP
---
apiVersion: monitoring.coreos.com/v1
kind: ServiceMonitor
metadata:
  labels:
    app.kubernetes.io/name: provider-cloudscale
    name: provider-cloudscale
  name: provider-cloudscale
  namespace: syn-crossplane
spec:
  endpoints:
    - path: /metrics
      port: metrics
  selector:
    matchLabels:
      app.kubernetes.io/name: provider-cloudscale
---
apiVersion: v1
data: {}
kind: Secret
metadata:
  annotations: {}
  labels:
    name: cloudscale-api-token
  name: cloudscale-api-token
  namespace: syn-crossplane
stringData:
  CLOUDSCALE_API_TOKEN: t-silent-test-1234/c-green-test-1234/appcat/objectstorage/provider-cloudscale/token
type: Opaque
---
apiVersion: v1
kind: Namespace
metadata:
  annotations:
    argocd.argoproj.io/sync-wave: '-100'
  labels:
    name: syn-provider-cloudscale-secrets
  name: syn-provider-cloudscale-secrets
