apiVersion: rbac.authorization.k8s.io/v1
kind: ClusterRoleBinding
metadata:
  annotations:
    argocd.argoproj.io/sync-wave: '-100'
  name: appcat-sliexporter-appcat-sli-exporter
roleRef:
  apiGroup: rbac.authorization.k8s.io
  kind: ClusterRole
  name: appcat-sliexporter-appcat-sli-exporter
subjects:
  - kind: ServiceAccount
    name: appcat-sliexporter-controller-manager
    namespace: appcat-slos
