apiVersion: pkg.crossplane.io/v1beta1
kind: Function
metadata:
  annotations:
    argocd.argoproj.io/sync-options: SkipDryRunOnMissingResource=true
    argocd.argoproj.io/sync-wave: '-40'
  name: function-appcat-debug-add-envoy_again
spec:
  package: ghcr.io/vshn/appcat:add_envoy_again-func
  packagePullPolicy: IfNotPresent
  runtimeConfigRef:
    name: enable-proxy
  skipDependencyResolution: true
---
apiVersion: pkg.crossplane.io/v1beta1
kind: Function
metadata:
  annotations:
    argocd.argoproj.io/sync-options: SkipDryRunOnMissingResource=true
    argocd.argoproj.io/sync-wave: '-40'
  name: function-appcat-v3-45-0-v4-154-0
spec:
  package: ghcr.io/vshn/appcat:v4.154.0-func
  packagePullPolicy: IfNotPresent
  runtimeConfigRef:
    name: enable-proxy
  skipDependencyResolution: true
---
apiVersion: pkg.crossplane.io/v1beta1
kind: Function
metadata:
  annotations:
    argocd.argoproj.io/sync-options: SkipDryRunOnMissingResource=true
    argocd.argoproj.io/sync-wave: '-40'
  name: function-appcat-v3-45-1-v4-154-0
spec:
  package: ghcr.io/vshn/appcat:v4.154.0-func
  packagePullPolicy: IfNotPresent
  runtimeConfigRef:
    name: enable-proxy
  skipDependencyResolution: true
---
apiVersion: pkg.crossplane.io/v1beta1
kind: Function
metadata:
  annotations:
    argocd.argoproj.io/sync-options: SkipDryRunOnMissingResource=true
    argocd.argoproj.io/sync-wave: '-40'
  name: function-appcat-v3-45-2-v4-156-0
spec:
  package: ghcr.io/vshn/appcat:v4.156.0-func
  packagePullPolicy: IfNotPresent
  runtimeConfigRef:
    name: enable-proxy
  skipDependencyResolution: true
---
apiVersion: pkg.crossplane.io/v1beta1
kind: Function
metadata:
  annotations:
    argocd.argoproj.io/sync-options: SkipDryRunOnMissingResource=true
    argocd.argoproj.io/sync-wave: '-40'
  name: function-appcat-v3-46-0-v4-158-0
spec:
  package: ghcr.io/vshn/appcat:v4.158.0-func
  packagePullPolicy: IfNotPresent
  runtimeConfigRef:
    name: enable-proxy
  skipDependencyResolution: true
---
apiVersion: pkg.crossplane.io/v1beta1
kind: Function
metadata:
  annotations:
    argocd.argoproj.io/sync-options: SkipDryRunOnMissingResource=true
    argocd.argoproj.io/sync-wave: '-40'
  name: function-appcat-v3-46-1-v4-158-0
spec:
  package: ghcr.io/vshn/appcat:v4.158.0-func
  packagePullPolicy: IfNotPresent
  runtimeConfigRef:
    name: enable-proxy
  skipDependencyResolution: true
