apiVersion: v1
kind: Namespace
metadata:
  annotations:
    argocd.argoproj.io/sync-wave: '-100'
    openshift.io/node-selector: node-role.kubernetes.io/infra=
  labels:
    control-plane: controller-manager
    openshift.io/cluster-monitoring: 'true'
  name: syn-appcat-slos
