apiVersion: v1
data: {}
kind: Secret
metadata:
  annotations: {}
  labels:
    name: mailgun-smtp-credentials
  name: mailgun-smtp-credentials
  namespace: syn-appcat
stringData:
  password: ''
type: Opaque
