apiVersion: apiextensions.crossplane.io/v1
kind: CompositeResourceDefinition
metadata:
  annotations:
    argocd.argoproj.io/sync-options: SkipDryRunOnMissingResource=true
    argocd.argoproj.io/sync-wave: '10'
  labels:
    name: xvshnmariadbs.vshn.appcat.vshn.io
  name: xvshnmariadbs.vshn.appcat.vshn.io
spec:
  claimNames:
    kind: VSHNMariaDB
    plural: vshnmariadbs
  connectionSecretKeys:
    - ca.crt
    - MARIADB_HOST
    - MARIADB_PORT
    - MARIADB_USERNAME
    - MARIADB_PASSWORD
    - MARIADB_URL
  defaultCompositionRef:
    name: vshnmariadb.vshn.appcat.vshn.io
  group: vshn.appcat.vshn.io
  names:
    kind: XVSHNMariaDB
    plural: xvshnmariadbs
  versions:
    - name: v1
      referenceable: true
      schema:
        openAPIV3Schema:
          description: VSHNMariaDB is the API for creating MariaDB instances.
          properties:
            spec:
              description: Spec defines the desired state of a VSHNMariaDB.
              properties:
                parameters:
                  default: {}
                  description: Parameters are the configurable fields of a VSHNMariaDB.
                  properties:
                    backup:
                      default: {}
                      description: Backup contains settings to control how the instance
                        should get backed up.
                      properties:
                        retention:
                          description: K8upRetentionPolicy describes the retention
                            configuration for a K8up backup.
                          properties:
                            keepDaily:
                              default: 6
                              type: integer
                            keepHourly:
                              type: integer
                            keepLast:
                              type: integer
                            keepMonthly:
                              type: integer
                            keepWeekly:
                              type: integer
                            keepYearly:
                              type: integer
                          type: object
                        schedule:
                          pattern: ^(\*|([0-9]|1[0-9]|2[0-9]|3[0-9]|4[0-9]|5[0-9])|\*\/([0-9]|1[0-9]|2[0-9]|3[0-9]|4[0-9]|5[0-9]))
                            (\*|([0-9]|1[0-9]|2[0-3])|\*\/([0-9]|1[0-9]|2[0-3])) (\*|([1-9]|1[0-9]|2[0-9]|3[0-1])|\*\/([1-9]|1[0-9]|2[0-9]|3[0-1]))
                            (\*|([1-9]|1[0-2])|\*\/([1-9]|1[0-2])) (\*|([0-6])|\*\/([0-6]))$
                          type: string
                      type: object
                    maintenance:
                      description: Maintenance contains settings to control the maintenance
                        of an instance.
                      properties:
                        dayOfWeek:
                          description: |-
                            DayOfWeek specifies at which weekday the maintenance is held place.
                            Allowed values are [monday, tuesday, wednesday, thursday, friday, saturday, sunday]
                          enum:
                            - monday
                            - tuesday
                            - wednesday
                            - thursday
                            - friday
                            - saturday
                            - sunday
                          type: string
                        timeOfDay:
                          description: |-
                            TimeOfDay for installing updates in UTC.
                            Format: "hh:mm:ss".
                          pattern: ^([0-1]?[0-9]|2[0-3]):([0-5][0-9]):([0-5][0-9])$
                          type: string
                      type: object
                    restore:
                      description: Restore contains settings to control the restore
                        of an instance.
                      properties:
                        backupName:
                          description: BackupName is the name of the specific backup
                            you want to restore.
                          type: string
                        claimName:
                          description: |-
                            ClaimName specifies the name of the instance you want to restore from.
                            The claim has to be in the same namespace as this new instance.
                          type: string
                      type: object
                    scheduling:
                      description: Scheduling contains settings to control the scheduling
                        of an instance.
                      properties:
                        nodeSelector:
                          additionalProperties:
                            type: string
                          description: "NodeSelector is a selector which must match\
                            \ a node\u2019s labels for the pod to be scheduled on\
                            \ that node"
                          type: object
                      type: object
                    security:
                      description: Security defines the security of a service
                      properties:
                        allowAllNamespaces:
                          default: false
                          description: AllowAllNamespaces allows the service to be
                            accessible from all namespaces, this supersedes the AllowedNamespaces
                            field
                          type: boolean
                        allowedNamespaces:
                          description: AllowedNamespaces defines a list of namespaces
                            from where the service can be reached in the claim namespace
                          items:
                            type: string
                          type: array
                      type: object
                    service:
                      default: {}
                      description: Service contains MariaDB DBaaS specific properties
                      properties:
                        mariadbSettings:
                          description: MariadbSettings contains additional MariaDB
                            settings.
                          type: string
                        serviceLevel:
                          default: besteffort
                          description: ServiceLevel defines the service level of this
                            service. Either Best Effort or Guaranteed Availability
                            is allowed.
                          enum:
                            - besteffort
                            - guaranteed
                          type: string
                        version:
                          default: '11.2'
                          description: |-
                            Version contains supported version of MariaDB.
                            Multiple versions are supported. The latest version "11.2" is the default version.
                          enum:
                            - '10.4'
                            - '10.5'
                            - '10.6'
                            - '10.9'
                            - '10.10'
                            - '10.11'
                            - '11.0'
                            - '11.1'
                            - '11.2'
                          type: string
                      type: object
                    size:
                      default: {}
                      description: Size contains settings to control the sizing of
                        a service.
                      properties:
                        cpu:
                          description: CPU defines the amount of Kubernetes CPUs for
                            an instance.
                          type: string
                        disk:
                          description: Disk defines the amount of disk space for an
                            instance.
                          type: string
                        memory:
                          description: Memory defines the amount of memory in units
                            of bytes for an instance.
                          type: string
                        plan:
                          default: standard-1
                          description: |
                            Plan is the name of the resource plan that defines the compute resources.

                            The following plans are available:

                              standard-1 - CPU: 250m; Memory: 1Gi; Disk: 16Gi

                              standard-2 - CPU: 500m; Memory: 2Gi; Disk: 16Gi

                              standard-4 - CPU: 1; Memory: 4Gi; Disk: 16Gi

                              standard-512m - CPU: 125m; Memory: 512Mi; Disk: 16Gi

                              standard-8 - CPU: 2; Memory: 8Gi; Disk: 16Gi
                          enum:
                            - standard-1
                            - standard-2
                            - standard-4
                            - standard-512m
                            - standard-8
                          type: string
                        requests:
                          description: Requests defines CPU and memory requests for
                            an instance
                          properties:
                            cpu:
                              description: CPU defines the amount of Kubernetes CPUs
                                for an instance.
                              type: string
                            memory:
                              description: Memory defines the amount of memory in
                                units of bytes for an instance.
                              type: string
                          type: object
                      type: object
                    storageClass:
                      description: StorageClass configures the storageClass to use
                        for the PVC used by MariaDB.
                      type: string
                    tls:
                      default: {}
                      description: TLS contains settings to control tls traffic of
                        a service.
                      properties:
                        authClients:
                          default: true
                          description: TLSAuthClients enables client authentication
                            requirement
                          type: boolean
                        enabled:
                          default: true
                          description: TLSEnabled enables TLS traffic for the service
                          type: boolean
                      type: object
                  type: object
              type: object
            status:
              description: Status reflects the observed state of a VSHNMariaDB.
              properties:
                caCertificateConditions:
                  items:
                    properties:
                      lastTransitionTime:
                        description: LastTransitionTime is the last time the condition
                          transitioned from one status to another.
                        format: date-time
                        type: string
                      message:
                        description: Message is a human-readable message indicating
                          details about the transition.
                        maxLength: 32768
                        type: string
                      observedGeneration:
                        description: |-
                          ObservedGeneration represents the .metadata.generation that the condition was set based upon.
                          For instance, if .metadata.generation is currently 12, but the .status.conditions[x].observedGeneration is 9, the condition is out of date with respect to the current state of the instance.
                        format: int64
                        minimum: 0
                        type: integer
                      reason:
                        description: Reason contains a programmatic identifier indicating
                          the reason for the condition's last transition.
                        maxLength: 1024
                        pattern: ^[A-Za-z]([A-Za-z0-9_,:]*[A-Za-z0-9_])?$
                        type: string
                      status:
                        description: Status of the condition, one of True, False,
                          Unknown.
                        enum:
                          - 'True'
                          - 'False'
                          - Unknown
                        type: string
                      type:
                        description: Type of condition.
                        maxLength: 316
                        pattern: ^([a-z0-9]([-a-z0-9]*[a-z0-9])?(\.[a-z0-9]([-a-z0-9]*[a-z0-9])?)*/)?(([A-Za-z0-9][-A-Za-z0-9_.]*)?[A-Za-z0-9])$
                        type: string
                    type: object
                  type: array
                clientCertificateConditions:
                  items:
                    properties:
                      lastTransitionTime:
                        description: LastTransitionTime is the last time the condition
                          transitioned from one status to another.
                        format: date-time
                        type: string
                      message:
                        description: Message is a human-readable message indicating
                          details about the transition.
                        maxLength: 32768
                        type: string
                      observedGeneration:
                        description: |-
                          ObservedGeneration represents the .metadata.generation that the condition was set based upon.
                          For instance, if .metadata.generation is currently 12, but the .status.conditions[x].observedGeneration is 9, the condition is out of date with respect to the current state of the instance.
                        format: int64
                        minimum: 0
                        type: integer
                      reason:
                        description: Reason contains a programmatic identifier indicating
                          the reason for the condition's last transition.
                        maxLength: 1024
                        pattern: ^[A-Za-z]([A-Za-z0-9_,:]*[A-Za-z0-9_])?$
                        type: string
                      status:
                        description: Status of the condition, one of True, False,
                          Unknown.
                        enum:
                          - 'True'
                          - 'False'
                          - Unknown
                        type: string
                      type:
                        description: Type of condition.
                        maxLength: 316
                        pattern: ^([a-z0-9]([-a-z0-9]*[a-z0-9])?(\.[a-z0-9]([-a-z0-9]*[a-z0-9])?)*/)?(([A-Za-z0-9][-A-Za-z0-9_.]*)?[A-Za-z0-9])$
                        type: string
                    type: object
                  type: array
                instanceNamespace:
                  description: InstanceNamespace contains the name of the namespace
                    where the instance resides
                  type: string
                localCAConditions:
                  items:
                    properties:
                      lastTransitionTime:
                        description: LastTransitionTime is the last time the condition
                          transitioned from one status to another.
                        format: date-time
                        type: string
                      message:
                        description: Message is a human-readable message indicating
                          details about the transition.
                        maxLength: 32768
                        type: string
                      observedGeneration:
                        description: |-
                          ObservedGeneration represents the .metadata.generation that the condition was set based upon.
                          For instance, if .metadata.generation is currently 12, but the .status.conditions[x].observedGeneration is 9, the condition is out of date with respect to the current state of the instance.
                        format: int64
                        minimum: 0
                        type: integer
                      reason:
                        description: Reason contains a programmatic identifier indicating
                          the reason for the condition's last transition.
                        maxLength: 1024
                        pattern: ^[A-Za-z]([A-Za-z0-9_,:]*[A-Za-z0-9_])?$
                        type: string
                      status:
                        description: Status of the condition, one of True, False,
                          Unknown.
                        enum:
                          - 'True'
                          - 'False'
                          - Unknown
                        type: string
                      type:
                        description: Type of condition.
                        maxLength: 316
                        pattern: ^([a-z0-9]([-a-z0-9]*[a-z0-9])?(\.[a-z0-9]([-a-z0-9]*[a-z0-9])?)*/)?(([A-Za-z0-9][-A-Za-z0-9_.]*)?[A-Za-z0-9])$
                        type: string
                    type: object
                  type: array
                namespaceConditions:
                  items:
                    properties:
                      lastTransitionTime:
                        description: LastTransitionTime is the last time the condition
                          transitioned from one status to another.
                        format: date-time
                        type: string
                      message:
                        description: Message is a human-readable message indicating
                          details about the transition.
                        maxLength: 32768
                        type: string
                      observedGeneration:
                        description: |-
                          ObservedGeneration represents the .metadata.generation that the condition was set based upon.
                          For instance, if .metadata.generation is currently 12, but the .status.conditions[x].observedGeneration is 9, the condition is out of date with respect to the current state of the instance.
                        format: int64
                        minimum: 0
                        type: integer
                      reason:
                        description: Reason contains a programmatic identifier indicating
                          the reason for the condition's last transition.
                        maxLength: 1024
                        pattern: ^[A-Za-z]([A-Za-z0-9_,:]*[A-Za-z0-9_])?$
                        type: string
                      status:
                        description: Status of the condition, one of True, False,
                          Unknown.
                        enum:
                          - 'True'
                          - 'False'
                          - Unknown
                        type: string
                      type:
                        description: Type of condition.
                        maxLength: 316
                        pattern: ^([a-z0-9]([-a-z0-9]*[a-z0-9])?(\.[a-z0-9]([-a-z0-9]*[a-z0-9])?)*/)?(([A-Za-z0-9][-A-Za-z0-9_.]*)?[A-Za-z0-9])$
                        type: string
                    type: object
                  type: array
                schedules:
                  description: |-
                    Schedules keeps track of random generated schedules, is overwriten by
                    schedules set in the service's spec.
                  properties:
                    backup:
                      description: Backup keeps track of the backup schedule.
                      type: string
                    maintenance:
                      description: Maintenance keeps track of the maintenance schedule.
                      properties:
                        dayOfWeek:
                          description: |-
                            DayOfWeek specifies at which weekday the maintenance is held place.
                            Allowed values are [monday, tuesday, wednesday, thursday, friday, saturday, sunday]
                          enum:
                            - monday
                            - tuesday
                            - wednesday
                            - thursday
                            - friday
                            - saturday
                            - sunday
                          type: string
                        timeOfDay:
                          description: |-
                            TimeOfDay for installing updates in UTC.
                            Format: "hh:mm:ss".
                          pattern: ^([0-1]?[0-9]|2[0-3]):([0-5][0-9]):([0-5][0-9])$
                          type: string
                      type: object
                  type: object
                selfSignedIssuerConditions:
                  items:
                    properties:
                      lastTransitionTime:
                        description: LastTransitionTime is the last time the condition
                          transitioned from one status to another.
                        format: date-time
                        type: string
                      message:
                        description: Message is a human-readable message indicating
                          details about the transition.
                        maxLength: 32768
                        type: string
                      observedGeneration:
                        description: |-
                          ObservedGeneration represents the .metadata.generation that the condition was set based upon.
                          For instance, if .metadata.generation is currently 12, but the .status.conditions[x].observedGeneration is 9, the condition is out of date with respect to the current state of the instance.
                        format: int64
                        minimum: 0
                        type: integer
                      reason:
                        description: Reason contains a programmatic identifier indicating
                          the reason for the condition's last transition.
                        maxLength: 1024
                        pattern: ^[A-Za-z]([A-Za-z0-9_,:]*[A-Za-z0-9_])?$
                        type: string
                      status:
                        description: Status of the condition, one of True, False,
                          Unknown.
                        enum:
                          - 'True'
                          - 'False'
                          - Unknown
                        type: string
                      type:
                        description: Type of condition.
                        maxLength: 316
                        pattern: ^([a-z0-9]([-a-z0-9]*[a-z0-9])?(\.[a-z0-9]([-a-z0-9]*[a-z0-9])?)*/)?(([A-Za-z0-9][-A-Za-z0-9_.]*)?[A-Za-z0-9])$
                        type: string
                    type: object
                  type: array
                serverCertificateConditions:
                  items:
                    properties:
                      lastTransitionTime:
                        description: LastTransitionTime is the last time the condition
                          transitioned from one status to another.
                        format: date-time
                        type: string
                      message:
                        description: Message is a human-readable message indicating
                          details about the transition.
                        maxLength: 32768
                        type: string
                      observedGeneration:
                        description: |-
                          ObservedGeneration represents the .metadata.generation that the condition was set based upon.
                          For instance, if .metadata.generation is currently 12, but the .status.conditions[x].observedGeneration is 9, the condition is out of date with respect to the current state of the instance.
                        format: int64
                        minimum: 0
                        type: integer
                      reason:
                        description: Reason contains a programmatic identifier indicating
                          the reason for the condition's last transition.
                        maxLength: 1024
                        pattern: ^[A-Za-z]([A-Za-z0-9_,:]*[A-Za-z0-9_])?$
                        type: string
                      status:
                        description: Status of the condition, one of True, False,
                          Unknown.
                        enum:
                          - 'True'
                          - 'False'
                          - Unknown
                        type: string
                      type:
                        description: Type of condition.
                        maxLength: 316
                        pattern: ^([a-z0-9]([-a-z0-9]*[a-z0-9])?(\.[a-z0-9]([-a-z0-9]*[a-z0-9])?)*/)?(([A-Za-z0-9][-A-Za-z0-9_.]*)?[A-Za-z0-9])$
                        type: string
                    type: object
                  type: array
              type: object
          required:
            - spec
          type: object
      served: true
