apiVersion: pkg.crossplane.io/v1beta1
kind: DeploymentRuntimeConfig
metadata:
  name: function-patch-and-transform
spec:
  deploymentTemplate:
    spec:
      selector: {}
      template:
        spec:
          containers:
            - name: package-runtime
              securityContext: {}
          securityContext: {}
          serviceAccountName: function-patch-and-transform
