apiVersion: rbac.authorization.k8s.io/v1
kind: ClusterRole
metadata:
  annotations: {}
  labels:
    rbac.authorization.k8s.io/aggregate-to-view: 'true'
  name: appcat:composite:xexoscaleopensearches.exoscale.appcat.vshn.io:claim-view
rules:
  - apiGroups:
      - exoscale.appcat.vshn.io
    resources:
      - exoscaleopensearches
      - exoscaleopensearches/status
      - exoscaleopensearches/finalizers
    verbs:
      - get
      - list
      - watch
---
apiVersion: rbac.authorization.k8s.io/v1
kind: ClusterRole
metadata:
  annotations: {}
  labels:
    rbac.authorization.k8s.io/aggregate-to-admin: 'true'
    rbac.authorization.k8s.io/aggregate-to-edit: 'true'
  name: appcat:composite:xexoscaleopensearches.exoscale.appcat.vshn.io:claim-edit
rules:
  - apiGroups:
      - exoscale.appcat.vshn.io
    resources:
      - exoscaleopensearches
      - exoscaleopensearches/status
      - exoscaleopensearches/finalizers
    verbs:
      - '*'
