apiVersion: v1
kind: ServiceAccount
metadata:
  annotations: {}
  labels:
    name: provider-kubernetes
  name: provider-kubernetes
