apiVersion: v1
kind: Namespace
metadata:
  annotations:
    argocd.argoproj.io/sync-wave: '-100'
    openshift.io/node-selector: node-role.kubernetes.io/infra=
  labels:
    name: appcat-slos
  name: appcat-slos
