apiVersion: pkg.crossplane.io/v1
kind: Provider
metadata:
  annotations:
    argocd.argoproj.io/sync-options: SkipDryRunOnMissingResource=true
    argocd.argoproj.io/sync-wave: '10'
  labels:
    name: rds
  name: rds
spec:
  controllerConfigRef:
    name: aws
  package: xpkg.upbound.io/upbound/provider-aws-rds:v0.43.0
---
apiVersion: pkg.crossplane.io/v1
kind: Provider
metadata:
  annotations:
    argocd.argoproj.io/sync-options: SkipDryRunOnMissingResource=true
    argocd.argoproj.io/sync-wave: '10'
  labels:
    name: cloudwatch
  name: cloudwatch
spec:
  controllerConfigRef:
    name: aws
  package: xpkg.upbound.io/upbound/provider-aws-cloudwatch:v0.43.0
---
apiVersion: pkg.crossplane.io/v1
kind: Provider
metadata:
  annotations:
    argocd.argoproj.io/sync-options: SkipDryRunOnMissingResource=true
    argocd.argoproj.io/sync-wave: '10'
  labels:
    name: rds
  name: rds
spec:
  controllerConfigRef:
    name: aws
  package: xpkg.upbound.io/upbound/provider-aws-rds:v0.43.0
---
apiVersion: aws.upbound.io/v1beta1
kind: ProviderConfig
metadata:
  annotations:
    argocd.argoproj.io/sync-options: SkipDryRunOnMissingResource=true
    argocd.argoproj.io/sync-wave: '10'
  labels:
    name: aws
  name: aws
spec:
  credentials:
    secretRef:
      key: creds
      name: aws-api-token
      namespace: syn-crossplane
    source: Secret
---
apiVersion: v1
kind: ServiceAccount
metadata:
  annotations:
    eks.amazonaws.com/role-arn: arn:aws:iam::123456789012:role/role-name
  labels:
    name: provider-aws
  name: provider-aws
  namespace: syn-crossplane
---
apiVersion: pkg.crossplane.io/v1alpha1
kind: ControllerConfig
metadata:
  annotations:
    eks.amazonaws.com/role-arn: arn:aws:iam::123456789012:role/role-name
  labels:
    name: aws
  name: aws
---
apiVersion: v1
data: {}
kind: Secret
metadata:
  annotations: {}
  labels:
    name: aws-api-token
  name: aws-api-token
  namespace: syn-crossplane
stringData:
  creds: |
    [default]
    aws_access_key_id = t-silent-test-1234/c-green-test-1234/appcat/provider-aws/aws_access_key
    aws_secret_access_key = t-silent-test-1234/c-green-test-1234/appcat/provider-aws/aws_secret_key
type: Opaque
---
apiVersion: v1
kind: Namespace
metadata:
  annotations: {}
  labels:
    name: syn-provider-aws-secrets
  name: syn-provider-aws-secrets
