apiVersion: v1
kind: ServiceAccount
metadata:
  name: appcat-apiserver
  namespace: syn-appcat
