apiVersion: rbac.authorization.k8s.io/v1
kind: ClusterRole
metadata:
  annotations:
    argocd.argoproj.io/sync-wave: '-100'
  labels:
    name: appcat-cloudcollector-exoscale-objectstorage
  name: appcat:cloudcollector:exoscale:objectstorage
rules:
  - apiGroups:
      - '*'
    resources:
      - namespaces
    verbs:
      - get
      - list
  - apiGroups:
      - exoscale.crossplane.io
    resources:
      - buckets
    verbs:
      - get
      - list
      - watch
