apiVersion: rbac.authorization.k8s.io/v1
kind: RoleBinding
metadata:
  annotations:
    argocd.argoproj.io/sync-wave: '-100'
  name: appcat-controller-leader-election-rolebinding
  namespace: syn-appcat
roleRef:
  apiGroup: rbac.authorization.k8s.io
  kind: Role
  name: appcat-controller-leader-election-role
subjects:
  - kind: ServiceAccount
    name: appcat-controller
    namespace: syn-appcat
